// Jest Snapshot v1, https://goo.gl/fbAQLP

exports[`CreateUrl should render 1`] = `
<div>
  <div
    class="createUrl"
  >
    <input
      placeholder="Shorten some urls"
      type="url"
    />
     
    <button
      type="button"
    >
      
        Shorten
      
    </button>
  </div>
</div>
`;
